{"fixture": [8192, 3, 1234, false], "method": "exact_online", "checked_elements": 262144, "mismatches": 0, "max_abs": 0.0018404126167297363, "relative_rmse": 0.0016524706734344363, "finite": true, "pass": true}
{"fixture": [8192, 3, 1234, false], "method": "fp8_448_exact_sum", "checked_elements": 262144, "mismatches": 0, "max_abs": 0.00764106959104538, "relative_rmse": 0.01497110165655613, "finite": true, "pass": true}
{"fixture": [8192, 3, 1234, false], "method": "fp8_256_exact_sum", "checked_elements": 262144, "mismatches": 0, "max_abs": 0.007726937532424927, "relative_rmse": 0.014849098399281502, "finite": true, "pass": true}
{"fixture": [8192, 3, 1234, false], "method": "expcast256_decoded_sum", "checked_elements": 262144, "mismatches": 1, "max_abs": 0.011701732873916626, "relative_rmse": 0.01785661280155182, "finite": true, "pass": false}
{"fixture": [8192, 3, 1234, false], "method": "expcast256_exact_sum", "checked_elements": 262144, "mismatches": 1, "max_abs": 0.011945873498916626, "relative_rmse": 0.01939835399389267, "finite": true, "pass": false}
{"fixture": [8192, 3, 1234, false], "method": "expcast256_flush_subnormal", "checked_elements": 262144, "mismatches": 1, "max_abs": 0.011701732873916626, "relative_rmse": 0.0178535133600235, "finite": true, "pass": false}
{"fixture": [8192, 3, 1234, false], "method": "expcast448_decoded_sum", "checked_elements": 262144, "mismatches": 0, "max_abs": 0.00954088568687439, "relative_rmse": 0.018061600625514984, "finite": true, "pass": true}
{"fixture": [8192, 3, 5678, false], "method": "exact_online", "checked_elements": 262144, "mismatches": 0, "max_abs": 0.00188446044921875, "relative_rmse": 0.0016605394193902612, "finite": true, "pass": true}
{"fixture": [8192, 3, 5678, false], "method": "fp8_448_exact_sum", "checked_elements": 262144, "mismatches": 0, "max_abs": 0.007508881390094757, "relative_rmse": 0.014942709356546402, "finite": true, "pass": true}
{"fixture": [8192, 3, 5678, false], "method": "fp8_256_exact_sum", "checked_elements": 262144, "mismatches": 0, "max_abs": 0.007948681712150574, "relative_rmse": 0.015041252598166466, "finite": true, "pass": true}
{"fixture": [8192, 3, 5678, false], "method": "expcast256_decoded_sum", "checked_elements": 262144, "mismatches": 0, "max_abs": 0.009178489446640015, "relative_rmse": 0.018061941489577293, "finite": true, "pass": true}
{"fixture": [8192, 3, 5678, false], "method": "expcast256_exact_sum", "checked_elements": 262144, "mismatches": 0, "max_abs": 0.009610027074813843, "relative_rmse": 0.01961899921298027, "finite": true, "pass": true}
{"fixture": [8192, 3, 5678, false], "method": "expcast256_flush_subnormal", "checked_elements": 262144, "mismatches": 0, "max_abs": 0.009178489446640015, "relative_rmse": 0.018058951944112778, "finite": true, "pass": true}
{"fixture": [8192, 3, 5678, false], "method": "expcast448_decoded_sum", "checked_elements": 262144, "mismatches": 0, "max_abs": 0.008941825479269028, "relative_rmse": 0.017967943102121353, "finite": true, "pass": true}
{"fixture": [1024, 0, 5678, false], "method": "exact_online", "checked_elements": 262144, "mismatches": 0, "max_abs": 0.007786273956298828, "relative_rmse": 0.0009941444732248783, "finite": true, "pass": true}
{"fixture": [1024, 0, 5678, false], "method": "fp8_448_exact_sum", "checked_elements": 262144, "mismatches": 658, "max_abs": 0.05788743495941162, "relative_rmse": 0.007630195468664169, "finite": true, "pass": false}
{"fixture": [1024, 0, 5678, false], "method": "fp8_256_exact_sum", "checked_elements": 262144, "mismatches": 421, "max_abs": 0.04279184341430664, "relative_rmse": 0.0068194991908967495, "finite": true, "pass": false}
{"fixture": [1024, 0, 5678, false], "method": "expcast256_decoded_sum", "checked_elements": 262144, "mismatches": 943, "max_abs": 0.06383705139160156, "relative_rmse": 0.008101096376776695, "finite": true, "pass": false}
{"fixture": [1024, 0, 5678, false], "method": "expcast256_exact_sum", "checked_elements": 262144, "mismatches": 995, "max_abs": 0.06778609752655029, "relative_rmse": 0.008771511726081371, "finite": true, "pass": false}
{"fixture": [1024, 0, 5678, false], "method": "expcast256_flush_subnormal", "checked_elements": 262144, "mismatches": 943, "max_abs": 0.06383705139160156, "relative_rmse": 0.008100722916424274, "finite": true, "pass": false}
{"fixture": [1024, 0, 5678, false], "method": "expcast448_decoded_sum", "checked_elements": 262144, "mismatches": 1180, "max_abs": 0.07438892126083374, "relative_rmse": 0.008914947509765625, "finite": true, "pass": false}
{"fixture": [2, 3, 1234, true], "method": "exact_online", "checked_elements": 65536, "mismatches": 0, "max_abs": 0.0039031505584716797, "relative_rmse": 0.0016571901505813003, "finite": true, "pass": true}
{"fixture": [2, 3, 1234, true], "method": "fp8_448_exact_sum", "checked_elements": 65536, "mismatches": 86, "max_abs": 0.02179902046918869, "relative_rmse": 0.017509017139673233, "finite": true, "pass": false}
{"fixture": [2, 3, 1234, true], "method": "fp8_256_exact_sum", "checked_elements": 65536, "mismatches": 44, "max_abs": 0.021336786448955536, "relative_rmse": 0.01617344841361046, "finite": true, "pass": false}
{"fixture": [2, 3, 1234, true], "method": "expcast256_decoded_sum", "checked_elements": 65536, "mismatches": 187, "max_abs": 0.027129411697387695, "relative_rmse": 0.01947747729718685, "finite": true, "pass": false}
{"fixture": [2, 3, 1234, true], "method": "expcast256_exact_sum", "checked_elements": 65536, "mismatches": 213, "max_abs": 0.031035661697387695, "relative_rmse": 0.02092554233968258, "finite": true, "pass": false}
{"fixture": [2, 3, 1234, true], "method": "expcast256_flush_subnormal", "checked_elements": 65536, "mismatches": 187, "max_abs": 0.027129411697387695, "relative_rmse": 0.019476311281323433, "finite": true, "pass": false}
{"fixture": [2, 3, 1234, true], "method": "expcast448_decoded_sum", "checked_elements": 65536, "mismatches": 172, "max_abs": 0.02394503355026245, "relative_rmse": 0.019567085430026054, "finite": true, "pass": false}
DIAGNOSTIC COMPLETE; inspect per-method pass fields; no MLA latency claim
