FULL O fragment (((16,4),256),1,2):(((65536,2097152),1),0,1048576)
{
  "gpu": "NVIDIA B300 SXM6 AC",
  "capability": [
    10,
    3
  ],
  "versions": {
    "torch": "2.13.0+cu130",
    "cuda": "13.0",
    "flashinfer-python": "0.6.18",
    "flash-mla": "not installed as a distribution",
    "flashmla_source_revision": "unreported"
  },
  "args": {
    "mode": "bench",
    "backends": [
      "cute"
    ],
    "scope": "native",
    "chunk": 3,
    "rank": 0,
    "seed": 1234,
    "warmup_iters": 1,
    "repeat_iters": 1,
    "profile_iters": 20,
    "timing": "cuda-event",
    "cache": "warm",
    "check_rows": 2,
    "check_atol": 0.01,
    "check_rtol": 0.05,
    "trace_path": null,
    "output_json": "artifacts/v009_diag_smoke.json",
    "with_stack": false
  },
  "workload": {
    "local_tokens": 2,
    "cp": 4,
    "context_len": 131072,
    "heads": 64,
    "qk_dim": 576,
    "v_dim": 512,
    "topk": 2048,
    "page_size": 64,
    "softmax_scale": 0.0625,
    "bmm2_scale": 1.0,
    "synthetic": true,
    "enable_dcp": false
  },
  "tensors": {
    "query": {
      "shape": [
        2,
        1,
        64,
        576
      ],
      "dtype": "torch.float8_e4m3fn",
      "stride": [
        36864,
        36864,
        576,
        1
      ]
    },
    "kv_cache": {
      "shape": [
        2048,
        1,
        64,
        576
      ],
      "dtype": "torch.float8_e4m3fn",
      "stride": [
        36864,
        36864,
        576,
        1
      ]
    },
    "block_tables": {
      "shape": [
        2,
        1,
        2048
      ],
      "dtype": "torch.int32",
      "stride": [
        2048,
        2048,
        1
      ]
    },
    "seq_lens": {
      "shape": [
        2
      ],
      "dtype": "torch.int32",
      "stride": [
        1
      ]
    }
  },
  "cases": {
    "cute-v009_diag/native": "FP8 Q/KV; preallocated BF16 output; block_k=64"
  }
}
Traceback (most recent call last):
  File "/tmp/glm53_sparse_mla_dev/bench.py", line 46, in <module>
    source.main(rest)
  File "/tmp/glm53_sparse_mla_dev/benchmark_source.py", line 552, in main
    result["correctness"] = check_cases(cases, inputs, args)
                            ^^^^^^^^^^^^^^^^^^^^^^^^^^^^^^^^
  File "/tmp/glm53_sparse_mla_dev/benchmark_source.py", line 303, in check_cases
    torch.testing.assert_close(
  File "/opt/sglang/lib/python3.12/site-packages/torch/testing/_comparison.py", line 1631, in assert_close
    raise error_metas[0].to_error(msg)
AssertionError: Tensor-likes are not close!

Mismatched elements: 29767 / 65536 (45.4%)
Greatest absolute difference: 0.4555288255214691 at index (1, 7, 300) (up to 0.01 allowed)
Greatest relative difference: 1.0 at index (0, 0, 256) (up to 0.05 allowed)
