{
  "gpu": "NVIDIA B300 SXM6 AC",
  "capability": [
    10,
    3
  ],
  "versions": {
    "torch": "2.13.0+cu130",
    "cuda": "13.0",
    "flashinfer-python": "0.6.18",
    "flash-mla": "not installed as a distribution",
    "flashmla_source_revision": "unreported"
  },
  "args": {
    "mode": "bench",
    "backends": [
      "trtllm",
      "cute"
    ],
    "scope": "native",
    "chunk": 3,
    "rank": 0,
    "seed": 1234,
    "warmup_iters": 3,
    "repeat_iters": 5,
    "profile_iters": 20,
    "timing": "cuda-event",
    "cache": "warm",
    "check_rows": 8,
    "check_atol": 0.01,
    "check_rtol": 0.05,
    "trace_path": null,
    "output_json": "artifacts/v004_full_event.json",
    "with_stack": false
  },
  "workload": {
    "local_tokens": 8192,
    "cp": 4,
    "context_len": 131072,
    "heads": 64,
    "qk_dim": 576,
    "v_dim": 512,
    "topk": 2048,
    "page_size": 64,
    "softmax_scale": 0.0625,
    "bmm2_scale": 1.0,
    "synthetic": true,
    "enable_dcp": false
  },
  "tensors": {
    "query": {
      "shape": [
        8192,
        1,
        64,
        576
      ],
      "dtype": "torch.float8_e4m3fn",
      "stride": [
        36864,
        36864,
        576,
        1
      ]
    },
    "kv_cache": {
      "shape": [
        2048,
        1,
        64,
        576
      ],
      "dtype": "torch.float8_e4m3fn",
      "stride": [
        36864,
        36864,
        576,
        1
      ]
    },
    "block_tables": {
      "shape": [
        8192,
        1,
        2048
      ],
      "dtype": "torch.int32",
      "stride": [
        2048,
        2048,
        1
      ]
    },
    "seq_lens": {
      "shape": [
        8192
      ],
      "dtype": "torch.int32",
      "stride": [
        1
      ]
    }
  },
  "cases": {
    "trtllm/native": "Q FP8 [4096,1,64,576]; KV FP8 [pages,1,64,576]; preallocated output",
    "cute-v004/native": "FP8 Q/KV; preallocated BF16 output; block_k=64"
  }
}
[CHECK] trtllm/native: PASS {"rows": [0, 8191, 511, 512, 1170, 2340, 3510, 4680], "max_abs": 0.00764106959104538, "rmse": 0.0013537678169086576, "relative_rmse": 0.015046226091400083, "atol": 0.01, "rtol": 0.05}
Traceback (most recent call last):
  File "/tmp/glm53_sparse_mla_dev/bench.py", line 46, in <module>
    source.main(rest)
  File "/tmp/glm53_sparse_mla_dev/benchmark_source.py", line 552, in main
    result["correctness"] = check_cases(cases, inputs, args)
                            ^^^^^^^^^^^^^^^^^^^^^^^^^^^^^^^^
  File "/tmp/glm53_sparse_mla_dev/benchmark_source.py", line 290, in check_cases
    if not torch.isfinite(output).all().item():
           ^^^^^^^^^^^^^^^^^^^^^^^^^^^^^^^^^^^
torch.AcceleratorError: CUDA error: an illegal memory access was encountered
Search for `cudaErrorIllegalAddress' in https://docs.nvidia.com/cuda/cuda-runtime-api/group__CUDART__TYPES.html for more information.
CUDA kernel errors might be asynchronously reported at some other API call, so the stacktrace below might be incorrect.
For debugging consider passing CUDA_LAUNCH_BLOCKING=1

