========= COMPUTE-SANITIZER
{
  "gpu": "NVIDIA B300 SXM6 AC",
  "capability": [
    10,
    3
  ],
  "versions": {
    "torch": "2.13.0+cu130",
    "cuda": "13.0",
    "flashinfer-python": "0.6.18",
    "flash-mla": "not installed as a distribution",
    "flashmla_source_revision": "unreported"
  },
  "args": {
    "mode": "bench",
    "backends": [
      "cute"
    ],
    "scope": "native",
    "chunk": 0,
    "rank": 0,
    "seed": 1234,
    "warmup_iters": 1,
    "repeat_iters": 1,
    "profile_iters": 20,
    "timing": "cuda-event",
    "cache": "warm",
    "check_rows": 2,
    "check_atol": 0.01,
    "check_rtol": 0.05,
    "trace_path": null,
    "output_json": "artifacts/v227_guarded_memcheck.json",
    "with_stack": false
  },
  "workload": {
    "local_tokens": 512,
    "cp": 4,
    "context_len": 32768,
    "heads": 64,
    "qk_dim": 576,
    "v_dim": 512,
    "topk": 2048,
    "page_size": 64,
    "softmax_scale": 0.0625,
    "bmm2_scale": 1.0,
    "synthetic": true,
    "enable_dcp": false
  },
  "tensors": {
    "query": {
      "shape": [
        512,
        1,
        64,
        576
      ],
      "dtype": "torch.float8_e4m3fn",
      "stride": [
        36864,
        36864,
        576,
        1
      ]
    },
    "kv_cache": {
      "shape": [
        512,
        1,
        64,
        576
      ],
      "dtype": "torch.float8_e4m3fn",
      "stride": [
        36864,
        36864,
        576,
        1
      ]
    },
    "block_tables": {
      "shape": [
        512,
        1,
        2048
      ],
      "dtype": "torch.int32",
      "stride": [
        2048,
        2048,
        1
      ]
    },
    "seq_lens": {
      "shape": [
        512
      ],
      "dtype": "torch.int32",
      "stride": [
        1
      ]
    }
  },
  "cases": {
    "cute-v227/native": "FP8 Q/KV; preallocated BF16 output; block_k=64"
  }
}
[CHECK] cute-v227/native: PASS {"rows": [0, 511], "max_abs": 0.007050812244415283, "rmse": 0.0009550924878567457, "relative_rmse": 0.0013009969731578221, "atol": 0.01, "rtol": 0.05}
[BENCH] profiler=off; API elapsed time; timing=cuda-event
Eager Events include host launch gaps; Graph replay changes that execution regime.
warm=repeated input reuse; cold=best-effort L2 eviction before each call.
native excludes adapters; adapted converts FULL Q and KV on EVERY call.
FlashMLA APIs allocate output/auxiliary tensors; TRTLLM reuses its output.

case                           cache   median/us      p05/us      p95/us   TRT/this
cute-v227/native               warm      2855.14     2855.14     2855.14        n/a
[RESULT] /tmp/glm53_sparse_mla_dev/artifacts/v227_guarded_memcheck.json
========= ERROR SUMMARY: 0 errors
