{
  "gpu": "NVIDIA B300 SXM6 AC",
  "capability": [
    10,
    3
  ],
  "versions": {
    "torch": "2.13.0+cu130",
    "cuda": "13.0",
    "flashinfer-python": "0.6.18",
    "flash-mla": "not installed as a distribution",
    "flashmla_source_revision": "unreported"
  },
  "args": {
    "mode": "bench",
    "backends": [
      "cute"
    ],
    "scope": "native",
    "chunk": 0,
    "rank": 0,
    "seed": 1234,
    "warmup_iters": 1,
    "repeat_iters": 1,
    "profile_iters": 20,
    "timing": "cuda-event",
    "cache": "warm",
    "check_rows": 512,
    "check_atol": 0.01,
    "check_rtol": 0.05,
    "trace_path": null,
    "output_json": "artifacts/v119_smoke_reuse.json",
    "with_stack": false
  },
  "workload": {
    "local_tokens": 512,
    "cp": 4,
    "context_len": 32768,
    "heads": 64,
    "qk_dim": 576,
    "v_dim": 512,
    "topk": 2048,
    "page_size": 64,
    "softmax_scale": 0.0625,
    "bmm2_scale": 1.0,
    "synthetic": true,
    "enable_dcp": false
  },
  "tensors": {
    "query": {
      "shape": [
        512,
        1,
        64,
        576
      ],
      "dtype": "torch.float8_e4m3fn",
      "stride": [
        36864,
        36864,
        576,
        1
      ]
    },
    "kv_cache": {
      "shape": [
        512,
        1,
        64,
        576
      ],
      "dtype": "torch.float8_e4m3fn",
      "stride": [
        36864,
        36864,
        576,
        1
      ]
    },
    "block_tables": {
      "shape": [
        512,
        1,
        2048
      ],
      "dtype": "torch.int32",
      "stride": [
        2048,
        2048,
        1
      ]
    },
    "seq_lens": {
      "shape": [
        512
      ],
      "dtype": "torch.int32",
      "stride": [
        1
      ]
    }
  },
  "cases": {
    "cute-v119/native": "FP8 Q/KV; preallocated BF16 output; block_k=128"
  }
}
Traceback (most recent call last):
  File "/tmp/glm53_sparse_mla_dev/bench.py", line 46, in <module>
    source.main(rest)
  File "/tmp/glm53_sparse_mla_dev/benchmark_source.py", line 552, in main
    result["correctness"] = check_cases(cases, inputs, args)
                            ^^^^^^^^^^^^^^^^^^^^^^^^^^^^^^^^
  File "/tmp/glm53_sparse_mla_dev/benchmark_source.py", line 276, in check_cases
    reference = reference_rows(inputs, rows)
                ^^^^^^^^^^^^^^^^^^^^^^^^^^^^
  File "/tmp/glm53_sparse_mla_dev/benchmark_source.py", line 252, in reference_rows
    n = int(inputs["seq_lens"][row].item())
            ~~~~~~~~~~~~~~~~~~^^^^^
IndexError: index 512 is out of bounds for dimension 0 with size 512
