{
  "gpu": "NVIDIA B300 SXM6 AC",
  "capability": [
    10,
    3
  ],
  "versions": {
    "torch": "2.13.0+cu130",
    "cuda": "13.0",
    "flashinfer-python": "0.6.18",
    "flash-mla": "not installed as a distribution",
    "flashmla_source_revision": "unreported"
  },
  "args": {
    "mode": "bench",
    "backends": [
      "trtllm",
      "cute"
    ],
    "scope": "native",
    "chunk": 3,
    "rank": 0,
    "seed": 1234,
    "warmup_iters": 20,
    "repeat_iters": 100,
    "profile_iters": 20,
    "timing": "cuda-graph",
    "cache": "both",
    "check_rows": 8,
    "check_atol": 0.01,
    "check_rtol": 0.05,
    "trace_path": null,
    "output_json": "artifacts/compiler471_timing/v190_471_round1.json",
    "with_stack": false
  },
  "workload": {
    "local_tokens": 8192,
    "cp": 4,
    "context_len": 131072,
    "heads": 64,
    "qk_dim": 576,
    "v_dim": 512,
    "topk": 2048,
    "page_size": 64,
    "softmax_scale": 0.0625,
    "bmm2_scale": 1.0,
    "synthetic": true,
    "enable_dcp": false
  },
  "tensors": {
    "query": {
      "shape": [
        8192,
        1,
        64,
        576
      ],
      "dtype": "torch.float8_e4m3fn",
      "stride": [
        36864,
        36864,
        576,
        1
      ]
    },
    "kv_cache": {
      "shape": [
        2048,
        1,
        64,
        576
      ],
      "dtype": "torch.float8_e4m3fn",
      "stride": [
        36864,
        36864,
        576,
        1
      ]
    },
    "block_tables": {
      "shape": [
        8192,
        1,
        2048
      ],
      "dtype": "torch.int32",
      "stride": [
        2048,
        2048,
        1
      ]
    },
    "seq_lens": {
      "shape": [
        8192
      ],
      "dtype": "torch.int32",
      "stride": [
        1
      ]
    }
  },
  "cases": {
    "trtllm/native": "Q FP8 [4096,1,64,576]; KV FP8 [pages,1,64,576]; preallocated output",
    "cute-v190/native": "FP8 Q/KV; preallocated BF16 output; block_k=128"
  }
}
[CHECK] trtllm/native: PASS {"rows": [0, 8191, 511, 512, 1170, 2340, 3510, 4680], "max_abs": 0.00764106959104538, "rmse": 0.0013537678169086576, "relative_rmse": 0.015046226091400083, "atol": 0.01, "rtol": 0.05}
[CHECK] cute-v190/native: PASS {"rows": [0, 8191, 511, 512, 1170, 2340, 3510, 4680], "max_abs": 0.00764106959104538, "rmse": 0.0013537656050175428, "relative_rmse": 0.015046201507706051, "atol": 0.01, "rtol": 0.05}
[BENCH] profiler=off; API elapsed time; timing=cuda-graph
Eager Events include host launch gaps; Graph replay changes that execution regime.
warm=repeated input reuse; cold=best-effort L2 eviction before each call.
native excludes adapters; adapted converts FULL Q and KV on EVERY call.
FlashMLA APIs allocate output/auxiliary tensors; TRTLLM reuses its output.

case                           cache   median/us      p05/us      p95/us   TRT/this
trtllm/native                  warm      1870.98     1806.33     1884.52     1.000x
cute-v190/native               warm      1653.74     1639.28     1660.78     1.131x
trtllm/native                  cold      1918.72     1910.65     1931.73     1.000x
cute-v190/native               cold      1634.43     1626.85     1673.38     1.174x
[RESULT] /tmp/glm53_sparse_mla_dev/artifacts/compiler471_timing/v190_471_round1.json
